[www.subyect.com/index.html]
[backblue.gif]
[fade.gif]
[index.html]
[connect.facebook.net/en_US/fbevents.js]
[framerusercontent.com/images/YpeMgszJsTSKGaTGLRVObuzNgc.png]
[framerusercontent.com/images/FnDEi20NFGvAPHF8319ayIU31Qo9ae5.png]
[www.subyect.com/portfolio.html]
[framerusercontent.com/images/2hskoS35pxT2lM70ZH9RUlAuTQMfe9f.jpg]
[framerusercontent.com/images/6mcf62RlDfRfU61Yg5vb2pefpi42774.png]
[framerusercontent.com/images/1grYxHEz9ON7dGWx9VGEogmIJhY7745.png]
[framerusercontent.com/images/955WqBkFEO4QoMeP9vUm4voiq3k7745.png]
[framerusercontent.com/images/D0lHHwZi7I9yiFmJAfbd6Ig2os7745.png]
[framerusercontent.com/images/3IqDmrlGnGP2x7pVJaKZJNXh747745.png]
[framerusercontent.com/images/tXY4jSweHcMAHuMeOu2Vv4Prw7745.png]
[framerusercontent.com/images/ot3tARw6y5J20hAZbWUE2jqrrzc7745.png]
[framerusercontent.com/images/QGLJ7d75lZ2ECRpFbwDAHbjziU7745.png]
[framerusercontent.com/images/5uPoz3Bjxa5krlBR7Y3s4aDAs7745.png]
[framerusercontent.com/images/5hAm0qO2H1nfNGMOzTsiQ9UFl87745.png]
[framerusercontent.com/images/U0zdMrRYKs3AZoTLVehjr7oUXo7745.png]
[framerusercontent.com/images/CKXfkHgfnu32vryE7qusCHmmE563e.png]
[framerusercontent.com/images/dAwo1fmEKy6IpBR92E9GYQSA4f0fc.png]
[framerusercontent.com/images/CEc53CpLjsB4KaV0o3drNs1as5Y563e.png]
[framerusercontent.com/images/dnpyDnDrxkL14YPHHZuxitFdJ4f0fc.png]
[framerusercontent.com/images/OBjKTQsbpnquT8iOIMv7MhNeVPs563e.png]
[framerusercontent.com/images/TKJtlRXAzT2EvYKoWK6cxum2HY4894.png]
[framerusercontent.com/images/G2kMhqhuCtvN4fb0vzFr9c5Y4563e.png]
[framerusercontent.com/images/rxxll8txY5Rlgl5Y0ul3oGT0M6b13.png]
[framerusercontent.com/images/uN0CnpIaVrc6LwHZkr9Ug46HS7Q563e.png]
[framerusercontent.com/images/WqZXe5LlPNiJlUzcpEXexaeYEEf0fc.png]
[framerusercontent.com/images/jb3O1t6vhIYbzgKMpXiShkYc8Q563e.png]
[framerusercontent.com/images/j2qDElPKx5Y6jNDsjp4a5aH0VCQ563e.png]
[framerusercontent.com/images/tt3JX7T7M8aNvQ9QgQBHFDGbxE6b13.png]
[framerusercontent.com/images/CMvZKhLcYMXP1mneEicyYjhd7sI6b13.png]
[framerusercontent.com/images/DmQDoBctIBig1VbxZAKA9OUCuU563e.png]
[framerusercontent.com/images/c37JW3IxTjtUSpI6kYZcdvl3lE563e.png]
[framerusercontent.com/images/re69FGsHVMpOabONjEuzfZ9KL0f0fc.png]
[framerusercontent.com/images/PJHIFO8e4YXPtsFvpMuN36u29kE849e.jpg]
[framerusercontent.com/images/ri7k9oeyl1xI8t8mYvRqc4JbvM849e.jpg]
[framerusercontent.com/images/FyC940qCxRkhGhOkncT9Aukxi2o849e.jpg]
[framerusercontent.com/images/ZDmGnC7Fsqpdg0TlpUH7O6jYQ95a5.jpg]
[framerusercontent.com/images/TEOymcoRaayfpq4abDSWu9dhuEf0fc.png]
[framerusercontent.com/images/Dy8pTE6RMuOyPfnmL8P6aXrFefE563e.png]
[framerusercontent.com/images/gLx6EpRmpyy6nkpfbP6XXfBMQ9Q6b13.png]
[framerusercontent.com/images/ReDOtp89BcgtLElVohvtaxhext8563e.png]
[framerusercontent.com/images/7Mt2koC2qNoIuXc2CBGSy5Oh8k7745.png]
[framerusercontent.com/images/OKC9RtsLEJ3gVNbc3Jp3LhOE6ee1.png]
[framerusercontent.com/images/sZQktYw7P54UPHitwISem8qyJY6b09.png]
[framerusercontent.com/images/11WhKsvttg7Tow4DZEPBsRdH9c4894.png]
[framerusercontent.com/images/9hCGNTHALAULUGaq5bEIpuO3U480f.png]
[framerusercontent.com/images/HU9qn0MN5qYIQ15bFqgJXuhEv3o480f.png]
[framerusercontent.com/images/uauXQdQfYeaou9NMLMmTXauDI480f.png]
[framerusercontent.com/images/CpxwsWdV7PHzDGDqOYjlfLIwg480f.png]
[framerusercontent.com/images/yB7LXtCeJjcA9nD13logXpMYuko480f.png]
[framerusercontent.com/images/ARBedT7znj1rz65IidSaHwoPBM4894.png]
[framerusercontent.com/images/7FGHIKLvkknHy4tJeBrhN4RjqU8480f.png]
[framerusercontent.com/images/pvRJCKvEUDqrwVwjgc39IBKDM480f.png]
[framerusercontent.com/images/Iu6BAisYY9Vb4ZygdWxVyRceBTQ480f.png]
[framerusercontent.com/images/ecdu5F6BvYZGtYxNHrUUqSVPZhQ480f.png]
[framerusercontent.com/images/XNc3vn1frRJ1NJKdL61mM20Gpw480f.png]
[framerusercontent.com/images/jxJKN1EtuH9wefhwiC5hNrsrw4480f.png]
[framerusercontent.com/images/oaSYhvgGSNbORY2CJJg85e3XE9Y303e.png]
[framerusercontent.com/images/cXcaiWpOtukejSU3JrBxj1ZjAAfcf6.png]
[framerusercontent.com/images/l9kEO5xWtpBCPyyqFtjddn5M705450.png]
[framerusercontent.com/images/x6ZVL7pQbgJrvXABnmnUPjL144b8f.png]
[framerusercontent.com/images/YV0RpNIc19xrlEBorO3FGN5mVw7e80.png]
[framerusercontent.com/images/458liPrxqo5ybOu91SM16qadjZQ4c73.png]
[framerusercontent.com/images/9vgs6H9uB8w5tDvYr8fluAMsT84c73.png]
[framerusercontent.com/images/gIZOrkjYgxhsh8goBiOfgCWqoZ04c73.png]
[framerusercontent.com/images/5WweGLT8erNjp4mEtuYADQWssd43f.png]
[framerusercontent.com/images/qQY4TfVyUlfFKu8mCsiBHoc8o7e80.png]
[framerusercontent.com/images/FnDEi20NFGvAPHF8319ayIU31Qo497f.png]
[framerusercontent.com/images/OvxkEH6hntiHAYdSVnmkyawEHQfe9f.jpg]
[www.subyect.com/index.html]
[connect.facebook.net/en_US/fbevents.js]
[framerusercontent.com/images/SeTGAsxRGxhVkOYcXWBABqTy2gf988.png]
[framerusercontent.com/images/xu8k5z4z7LhD6YjYUmuGuBhaL8Mf988.png]
[framerusercontent.com/images/eXPp3shw052nIKvPa5uLnv9enL06b09.png]
[framerusercontent.com/images/SvMlABTLBM0MLhAkMlRmcVVfmvMf988.png]
[framerusercontent.com/images/INla42mcD5V0Jx8vLx0z9SZk6b09.png]
[framerusercontent.com/images/EvGrimHOZLhT8a4vhiJePOruUDscc4e.png]
[framerusercontent.com/images/mFAe7TaPmFextydH1Ik3Z5QoHlc6b09.png]
[framerusercontent.com/images/OjLNgnNVcMoX3GatNSYdAVDuEd0d8.png]
[framerusercontent.com/images/k5rSGfJORR0rVMpjzek5LAGOX4gf988.png]
[framerusercontent.com/images/1grYxHEz9ON7dGWx9VGEogmIJhY0947.png]
[framerusercontent.com/images/955WqBkFEO4QoMeP9vUm4voiq3k0947.png]
[framerusercontent.com/images/D0lHHwZi7I9yiFmJAfbd6Ig2os0947.png]
[framerusercontent.com/images/3IqDmrlGnGP2x7pVJaKZJNXh740947.png]
[framerusercontent.com/images/U0zdMrRYKs3AZoTLVehjr7oUXo0947.png]
[framerusercontent.com/images/QGLJ7d75lZ2ECRpFbwDAHbjziU0947.png]
[framerusercontent.com/images/tXY4jSweHcMAHuMeOu2Vv4Prw0947.png]
[framerusercontent.com/images/7Mt2koC2qNoIuXc2CBGSy5Oh8k0947.png]
[framerusercontent.com/images/5uPoz3Bjxa5krlBR7Y3s4aDAs0947.png]
[framerusercontent.com/images/5hAm0qO2H1nfNGMOzTsiQ9UFl80947.png]
[framerusercontent.com/images/dko4y98lotdUJ6KEeszl1BHUvs449d.png]
[framerusercontent.com/images/dAwo1fmEKy6IpBR92E9GYQSA42cdf.png]
[framerusercontent.com/images/TRnzC4YYizS4oGuU5blAAII6k6b13.png]
[framerusercontent.com/images/OBjKTQsbpnquT8iOIMv7MhNeVPsa394.png]
[framerusercontent.com/images/re69FGsHVMpOabONjEuzfZ9KL02cdf.png]
[framerusercontent.com/images/pu2fmx3wH4t7PXUtZD5qCgc5tUe1a8.png]
[framerusercontent.com/images/WqZXe5LlPNiJlUzcpEXexaeYEE2cdf.png]
[framerusercontent.com/images/CEc53CpLjsB4KaV0o3drNs1as5Ya394.png]
[framerusercontent.com/images/YyvmDnJqF0bPCVFE3O5kI4XFq7g563e.png]
[framerusercontent.com/images/EvdJuyifrECekfpO1oekjwyIBk8480f.png]
[framerusercontent.com/images/TKJtlRXAzT2EvYKoWK6cxum2HY449d.png]
[framerusercontent.com/images/m30hYhlLd9mR6f5H7Xu13S0FI563e.png]
[framerusercontent.com/images/dnpyDnDrxkL14YPHHZuxitFdJ42cdf.png]
[framerusercontent.com/images/C5xTcxdktgHnLPxvCCDW24kkY6b13.png]
[framerusercontent.com/images/OIEVF64J7MzxdjpNP2OKkFdJXa06b13.png]
[framerusercontent.com/images/pKOBejY8EwcUiUreg2oMmcHy8563e.png]
[framerusercontent.com/images/V9bq9JoJR5ox5u2qxM9NiQRIFhM563e.png]
[framerusercontent.com/images/rzYfqP3TG7TDdRY5aloGWZYf0fc.png]
[framerusercontent.com/images/gXkkfYKWAW1rt87hbo2fhJBDCU563e.png]
[framerusercontent.com/images/pzOfIqTpoe7Hwpm3CGt8m1KOng6b13.png]
[framerusercontent.com/images/Gj8TPgLrRe3RQIPVm2ZMuwAquA563e.png]
[framerusercontent.com/images/0kK5girhmIPtoTQucXxP9Jq1es563e.png]
[framerusercontent.com/images/tMb2UMES5x2TPdFuCKofsdGFOQA6b13.png]
[framerusercontent.com/images/FHAD0t3u3ak8TJ0WtQsrTxAtc98563e.png]
[framerusercontent.com/images/wMIAbags9aUsHyIROMe5AC2GsM6b13.png]
[framerusercontent.com/images/AcSPMjXnzNkUbkYetJuook6DmO06b13.png]
[framerusercontent.com/images/oqXEEyibfe6r2kf3xT132HOybo563e.png]
[framerusercontent.com/images/Sns8QjNszhbRjT2X17RE9k7Z0563e.png]
[framerusercontent.com/images/r89TigjVRzab1kLMoXeU4ruiwc563e.png]
[framerusercontent.com/images/DmQDoBctIBig1VbxZAKA9OUCuUa394.png]
[framerusercontent.com/images/kc4r3KxBsYeI2sOqkrN83Pf9yc563e.png]
[framerusercontent.com/images/GxcuddzAau5RnaMbLBqPQHx2m3c563e.png]
[framerusercontent.com/images/rx3knS8WmWYmNvljSpHZKUpuSrga394.png]
[framerusercontent.com/images/11WhKsvttg7Tow4DZEPBsRdH9c449d.png]
[framerusercontent.com/images/9hCGNTHALAULUGaq5bEIpuO3Ue1a8.png]
[framerusercontent.com/images/ARBedT7znj1rz65IidSaHwoPBM449d.png]
[framerusercontent.com/images/ecdu5F6BvYZGtYxNHrUUqSVPZhQe1a8.png]
[framerusercontent.com/images/HU9qn0MN5qYIQ15bFqgJXuhEv3oe1a8.png]
[framerusercontent.com/images/Iu6BAisYY9Vb4ZygdWxVyRceBTQe1a8.png]
[framerusercontent.com/images/7FGHIKLvkknHy4tJeBrhN4RjqU8e1a8.png]
[framerusercontent.com/images/pvRJCKvEUDqrwVwjgc39IBKDMe1a8.png]
[framerusercontent.com/images/uauXQdQfYeaou9NMLMmTXauDIe1a8.png]
[framerusercontent.com/images/ZbUlKhoqCrIgn9IjLOLtiuqXQoe1a8.png]
[framerusercontent.com/images/CpxwsWdV7PHzDGDqOYjlfLIwge1a8.png]
[framerusercontent.com/images/jxJKN1EtuH9wefhwiC5hNrsrw4e1a8.png]
[framerusercontent.com/images/CWkwPef502a0k5pLJJya20G9G8563e.png]
[framerusercontent.com/images/0D5RFEkiN7uvTfWIViKlIP0b6Pg563e.png]
[framerusercontent.com/images/XNc3vn1frRJ1NJKdL61mM20Gpwe1a8.png]
[framerusercontent.com/images/yB7LXtCeJjcA9nD13logXpMYukoe1a8.png]
[framerusercontent.com/images/FiQohQEJj53W4BTkqA5sdpASBc0fe8.png]
[framerusercontent.com/images/K86ow7AreXSSkNU7EoacImkxUe1a8.png]
[framerusercontent.com/images/WJCfm7yyT9K4yw7li2KbrmUdN54e1a8.png]
[framerusercontent.com/images/ArSaw3DNu5v5ZkzhfCXR4dnaLge1a8.png]
[framerusercontent.com/images/AWUdXND7UFp4V14v639Co9bbk849e.jpg]
[framerusercontent.com/images/FnDEi20NFGvAPHF8319ayIU31Qoc1f0.png]
[www.subyect.com/portfolio.html]
[www.subyect.com/signals/config/index.html]
[www.subyect.com/t.html]
[www.subyect.com/e.html]
[www.subyect.com/signals/plugins/index.html]
[www.subyect.com/schema.org/index.html]
[www.subyect.com/t-2.html]
[www.subyect.com/o.html]
[www.subyect.com/signals/iwl.html]
[www.subyect.com/signals/iwl0fc5.html]
[www.subyect.com/r.html]
[www.subyect.com/r-2.html]
[framerusercontent.com/images/pu2fmx3wH4t7PXUtZD5qCgc5tU480f.png]
[framerusercontent.com/images/8ron6DcGMUro4ckMawl3IIzXwAc563e.png]
[framerusercontent.com/images/dko4y98lotdUJ6KEeszl1BHUvs4894.png]
[framerusercontent.com/images/mI2aUNm48xt03rbcxJYVOmOe6jg563e.png]
